1563176802.3230271